vite v8.3.0 building client environment for production...
transforming...
✓ 119 modules transformed.
rendering chunks...
computing gzip size...
.scratch/rev3/dist/assets/favicon-CqNMamik.svg                              0.28 kB │ gzip:   0.23 kB
.scratch/rev3/dist/ja/index.html                                            0.78 kB │ gzip:   0.47 kB
.scratch/rev3/dist/en-simple/index.html                                     0.79 kB │ gzip:   0.44 kB
.scratch/rev3/dist/index.html                                               0.90 kB │ gzip:   0.44 kB
.scratch/rev3/dist/demos/riverbank/index.html                               7.87 kB │ gzip:   2.68 kB
.scratch/rev3/dist/demos/bill-the-lizard/index.html                         8.09 kB │ gzip:   2.78 kB
.scratch/rev3/dist/demos/caucus-race/index.html                             9.83 kB │ gzip:   3.07 kB
.scratch/rev3/dist/demos/rabbit-house/index.html                            9.85 kB │ gzip:   3.13 kB
.scratch/rev3/dist/demos/mouse-tale/index.html                             11.69 kB │ gzip:   3.50 kB
.scratch/rev3/dist/demos/cheshire-cat/index.html                           11.94 kB │ gzip:   3.35 kB
.scratch/rev3/dist/demos/rabbit-hole/index.html                            12.42 kB │ gzip:   3.52 kB
.scratch/rev3/dist/demos/pool-of-tears/index.html                          12.51 kB │ gzip:   3.61 kB
.scratch/rev3/dist/demos/dormouse/index.html                               12.66 kB │ gzip:   3.39 kB
.scratch/rev3/dist/demos/duchess/index.html                                13.54 kB │ gzip:   3.91 kB
.scratch/rev3/dist/demos/trial/index.html                                  13.72 kB │ gzip:   3.98 kB
.scratch/rev3/dist/demos/index.html                                        13.74 kB │ gzip:   2.86 kB
.scratch/rev3/dist/demos/drink-me/index.html                               14.09 kB │ gzip:   3.82 kB
.scratch/rev3/dist/demos/lobster-quadrille/index.html                      15.43 kB │ gzip:   4.01 kB
.scratch/rev3/dist/en-simple/rabbit-hole/index.html                        15.84 kB │ gzip:   3.05 kB
.scratch/rev3/dist/demos/pig-and-pepper/index.html                         16.14 kB │ gzip:   4.51 kB
.scratch/rev3/dist/demos/mock-turtle/index.html                            16.34 kB │ gzip:   4.37 kB
.scratch/rev3/dist/demos/tea-party/index.html                              16.70 kB │ gzip:   4.41 kB
.scratch/rev3/dist/ja/rabbit-hole/index.html                               16.74 kB │ gzip:   3.36 kB
.scratch/rev3/dist/demos/caterpillar/index.html                            17.30 kB │ gzip:   4.51 kB
.scratch/rev3/dist/demos/croquet/index.html                                18.80 kB │ gzip:   4.80 kB
.scratch/rev3/dist/demos/witnesses/index.html                              28.04 kB │ gzip:   6.39 kB
.scratch/rev3/dist/assets/shell-CY9FxOyX.css                                0.48 kB │ gzip:   0.18 kB
.scratch/rev3/dist/assets/shore-Bugg5Ug4.css                                1.45 kB │ gzip:   0.44 kB
.scratch/rev3/dist/assets/base-DvSZRNVG.css                                 2.00 kB │ gzip:   0.89 kB
.scratch/rev3/dist/assets/index-DUrlWkaj.css                                3.90 kB │ gzip:   1.32 kB
.scratch/rev3/dist/assets/index-CjfOIou-.css                                4.38 kB │ gzip:   1.52 kB
.scratch/rev3/dist/assets/index-C7FftCTC.css                                4.71 kB │ gzip:   1.46 kB
.scratch/rev3/dist/assets/index-ByLTarvN.css                                4.81 kB │ gzip:   1.49 kB
.scratch/rev3/dist/assets/court-rtyCWIj1.css                                5.24 kB │ gzip:   1.77 kB
.scratch/rev3/dist/assets/figures-C3WtnSZ0.css                              6.81 kB │ gzip:   2.09 kB
.scratch/rev3/dist/assets/index-BhkW4MYg.css                                7.32 kB │ gzip:   2.13 kB
.scratch/rev3/dist/assets/house-L17HzLEc.css                                7.60 kB │ gzip:   2.14 kB
.scratch/rev3/dist/assets/transitions-CYbfbDsD.css                          8.26 kB │ gzip:   2.57 kB
.scratch/rev3/dist/assets/index-C4Fa5u58.css                                8.27 kB │ gzip:   2.26 kB
.scratch/rev3/dist/assets/index-DOBnyuiw.css                                9.43 kB │ gzip:   2.61 kB
.scratch/rev3/dist/assets/index-BWVW2qbm.css                               10.43 kB │ gzip:   2.85 kB
.scratch/rev3/dist/assets/index-dS8hM2Kj.css                               10.46 kB │ gzip:   2.93 kB
.scratch/rev3/dist/assets/index-6kOnzMit.css                               10.69 kB │ gzip:   2.74 kB
.scratch/rev3/dist/assets/index-92AIVVL9.css                               10.84 kB │ gzip:   2.94 kB
.scratch/rev3/dist/assets/index-DqrpIUyA.css                               11.01 kB │ gzip:   2.65 kB
.scratch/rev3/dist/assets/index-egdLl4nz.css                               11.72 kB │ gzip:   3.08 kB
.scratch/rev3/dist/assets/index-ohxo3cRx.css                               12.25 kB │ gzip:   3.23 kB
.scratch/rev3/dist/assets/story-CsZzZj_X.css                               14.01 kB │ gzip:   2.34 kB
.scratch/rev3/dist/assets/index-CFzQtQdT.css                               14.70 kB │ gzip:   3.89 kB
.scratch/rev3/dist/assets/index-CiruzykJ.css                               14.90 kB │ gzip:   3.60 kB
.scratch/rev3/dist/assets/index-CgD_yud5.css                               16.50 kB │ gzip:   4.17 kB
.scratch/rev3/dist/assets/index-xDYLZeVb.css                               17.31 kB │ gzip:   3.97 kB
.scratch/rev3/dist/assets/figures-B56-6Mi2.js                               0.41 kB │ gzip:   0.30 kB
.scratch/rev3/dist/assets/modulepreload-polyfill-P2Xu9kJm.js                0.67 kB │ gzip:   0.38 kB
.scratch/rev3/dist/assets/figures-Dcv0ZiY4.js                               0.83 kB │ gzip:   0.46 kB
.scratch/rev3/dist/assets/demos/index.html-CXrzlAMx.js                      1.29 kB │ gzip:   0.68 kB
.scratch/rev3/dist/assets/demos/bill-the-lizard/index.html-BvBOQu3s.js      4.71 kB │ gzip:   1.97 kB
.scratch/rev3/dist/assets/demos/caucus-race/index.html-HuqroYHE.js          6.96 kB │ gzip:   2.84 kB
.scratch/rev3/dist/assets/demos/rabbit-house/index.html-CTXDVQnL.js         7.61 kB │ gzip:   2.85 kB
.scratch/rev3/dist/assets/demos/duchess/index.html-VvEQmSGE.js              7.86 kB │ gzip:   3.07 kB
.scratch/rev3/dist/assets/house-D2fFnVpj.js                                 8.24 kB │ gzip:   2.23 kB
.scratch/rev3/dist/assets/demos/riverbank/index.html-DsOkjmj0.js            8.30 kB │ gzip:   3.06 kB
.scratch/rev3/dist/assets/demos/cheshire-cat/index.html-pvoK7xKx.js         9.52 kB │ gzip:   3.69 kB
.scratch/rev3/dist/assets/court-CACltbAH.js                                10.24 kB │ gzip:   3.32 kB
.scratch/rev3/dist/assets/demos/dormouse/index.html-CcoFvCzi.js            10.63 kB │ gzip:   4.30 kB
.scratch/rev3/dist/assets/demos/lobster-quadrille/index.html-uUJUGIk0.js   10.79 kB │ gzip:   3.99 kB
.scratch/rev3/dist/assets/demos/trial/index.html-D2qIvsC2.js               11.27 kB │ gzip:   4.39 kB
.scratch/rev3/dist/assets/demos/caterpillar/index.html-i_Giz0UF.js         11.46 kB │ gzip:   4.57 kB
.scratch/rev3/dist/assets/demos/mock-turtle/index.html-BP03Y-OE.js         11.87 kB │ gzip:   4.47 kB
.scratch/rev3/dist/assets/demos/mouse-tale/index.html-C0nUMSJz.js          11.95 kB │ gzip:   4.97 kB
.scratch/rev3/dist/assets/demos/croquet/index.html-CeYRRgY8.js             13.11 kB │ gzip:   4.76 kB
.scratch/rev3/dist/assets/demos/drink-me/index.html-DsUhYLvT.js            13.19 kB │ gzip:   4.59 kB
.scratch/rev3/dist/assets/demos/pool-of-tears/index.html-DxgJEV3U.js       13.72 kB │ gzip:   5.40 kB
.scratch/rev3/dist/assets/story-DzsQW1xP.js                                14.28 kB │ gzip:   5.46 kB
.scratch/rev3/dist/assets/demos/witnesses/index.html-xo8U0yfV.js           16.13 kB │ gzip:   5.49 kB
.scratch/rev3/dist/assets/demos/pig-and-pepper/index.html-yQiKgAxr.js      19.95 kB │ gzip:   6.19 kB
.scratch/rev3/dist/assets/demos/tea-party/index.html-CMojLLM7.js           21.70 kB │ gzip:   6.53 kB
.scratch/rev3/dist/assets/transitions-CpF6uyii.js                          70.28 kB │ gzip:  27.64 kB
.scratch/rev3/dist/assets/shell-s6VHB1Qe.js                               115.23 kB │ gzip:  35.23 kB
.scratch/rev3/dist/assets/demos/rabbit-hole/index.html-BWMNF-uY.js        559.88 kB │ gzip: 141.58 kB

✓ built in 938ms
[plugin builtin:vite-reporter] 
(!) Some chunks are larger than 500 kB after minification. Consider:
- Using dynamic import() to code-split the application
- Use build.rolldownOptions.output.codeSplitting to improve chunking: https://rolldown.rs/reference/OutputOptions.codeSplitting
- Adjust chunk size limit for this warning via build.chunkSizeWarningLimit.
